
> angular@0.0.0 start
> ng serve --host 0.0.0.0  --no-hmr --disable-host-check --port 3000

Warning: Running a server with --disable-host-check is a security risk. See https://medium.com/webpack/webpack-dev-server-middleware-security-issues-1489d950874a for more information.
The "disableHostCheck" option will not be used because it is not supported by the "@angular-devkit/build-angular:application" builder.
❯ Building...
✔ Building...
Browser bundles     
Initial chunk files  | Names            |  Raw size
polyfills.js         | polyfills        |  90.20 kB | 
main.js              | main             |  22.59 kB | 
styles.css           | styles           |  95 bytes | 

                     | Initial total    | 112.88 kB


Server bundles      
Initial chunk files  | Names            |  Raw size
polyfills.server.mjs | polyfills.server | 572.91 kB | 
chunk-6XEG6CM6.mjs   | -                |  23.02 kB | 
server.mjs           | server           |   1.39 kB | 
main.server.mjs      | main.server      | 800 bytes | 

Application bundle generation complete. [2.240 seconds]

Watch mode enabled. Watching for file changes...
NOTE: Raw file sizes do not reflect development server per-request transformations.
  ➜  Local:   http://localhost:3000/
  ➜  Network: http://172.17.0.2:3000/
❯ Changes detected. Rebuilding...
✔ Changes detected. Rebuilding...
Browser bundles    
Initial chunk files | Names       |  Raw size
main.js             | main        |  32.97 kB | 


Server bundles     
Initial chunk files | Names       |  Raw size
chunk-L3M5JT2G.mjs  | -           |  33.41 kB | 
server.mjs          | server      |   1.39 kB | 
main.server.mjs     | main.server | 800 bytes | 

Application bundle generation complete. [0.567 seconds]

▲ [WARNING] TS-998113: TicTacToeComponent is not used within the template of AppComponent [plugin angular-compiler]

    src/app/app.component.ts:8:26:
      8 │   imports: [RouterOutlet, TicTacToeComponent],
        ╵                           ~~~~~~~~~~~~~~~~~~


▲ [WARNING] NG8103: The `*ngIf` directive was used in the template, but neither the `NgIf` directive nor the `CommonModule` was imported. Use Angular's built-in control flow @if or make sure that either the `NgIf` directive or the `CommonModule` is included in the `@Component.imports` array of this component. [plugin angular-compiler]

    src/app/tic-tac-toe.component.html:3:27:
      3 │   <div class="ttt-status" *ngIf="!winner">
        ╵                            ~~~~

  Error occurs in the template of component TicTacToeComponent.

    src/app/tic-tac-toe.component.ts:6:15:
      6 │   templateUrl: './tic-tac-toe.component.html',
        ╵                ~~~~~~~~~~~~~~~~~~~~~~~~~~~~~~


▲ [WARNING] NG8103: The `*ngIf` directive was used in the template, but neither the `NgIf` directive nor the `CommonModule` was imported. Use Angular's built-in control flow @if or make sure that either the `NgIf` directive or the `CommonModule` is included in the `@Component.imports` array of this component. [plugin angular-compiler]

    src/app/tic-tac-toe.component.html:6:27:
      6 │   <div class="ttt-status" *ngIf="winner">
        ╵                            ~~~~

  Error occurs in the template of component TicTacToeComponent.

    src/app/tic-tac-toe.component.ts:6:15:
      6 │   templateUrl: './tic-tac-toe.component.html',
        ╵                ~~~~~~~~~~~~~~~~~~~~~~~~~~~~~~


▲ [WARNING] NG8103: The `*ngIf` directive was used in the template, but neither the `NgIf` directive nor the `CommonModule` was imported. Use Angular's built-in control flow @if or make sure that either the `NgIf` directive or the `CommonModule` is included in the `@Component.imports` array of this component. [plugin angular-compiler]

    src/app/tic-tac-toe.component.html:7:11:
      7 │     <span *ngIf="winner === 'draw'">It's a draw!</span>
        ╵            ~~~~

  Error occurs in the template of component TicTacToeComponent.

    src/app/tic-tac-toe.component.ts:6:15:
      6 │   templateUrl: './tic-tac-toe.component.html',
        ╵                ~~~~~~~~~~~~~~~~~~~~~~~~~~~~~~


▲ [WARNING] NG8103: The `*ngIf` directive was used in the template, but neither the `NgIf` directive nor the `CommonModule` was imported. Use Angular's built-in control flow @if or make sure that either the `NgIf` directive or the `CommonModule` is included in the `@Component.imports` array of this component. [plugin angular-compiler]

    src/app/tic-tac-toe.component.html:8:11:
      8 │     <span *ngIf="winner !== 'draw'">Player <span [class.ttt-x]="win...
        ╵            ~~~~

  Error occurs in the template of component TicTacToeComponent.

    src/app/tic-tac-toe.component.ts:6:15:
      6 │   templateUrl: './tic-tac-toe.component.html',
        ╵                ~~~~~~~~~~~~~~~~~~~~~~~~~~~~~~


▲ [WARNING] NG8103: The `*ngFor` directive was used in the template, but neither the `NgFor` directive nor the `CommonModule` was imported. Use Angular's built-in control flow @for or make sure that either the `NgFor` directive or the `CommonModule` is included in the `@Component.imports` array of this component. [plugin angular-compiler]

    src/app/tic-tac-toe.component.html:11:10:
      11 │     <div *ngFor="let row of board; let i = index" class="ttt-row" ...
         ╵           ~~~~~

  Error occurs in the template of component TicTacToeComponent.

    src/app/tic-tac-toe.component.ts:6:15:
      6 │   templateUrl: './tic-tac-toe.component.html',
        ╵                ~~~~~~~~~~~~~~~~~~~~~~~~~~~~~~


▲ [WARNING] NG8103: The `*ngFor` directive was used in the template, but neither the `NgFor` directive nor the `CommonModule` was imported. Use Angular's built-in control flow @for or make sure that either the `NgFor` directive or the `CommonModule` is included in the `@Component.imports` array of this component. [plugin angular-compiler]

    src/app/tic-tac-toe.component.html:13:9:
      13 │         *ngFor="let cell of row; let j = index"
         ╵          ~~~~~

  Error occurs in the template of component TicTacToeComponent.

    src/app/tic-tac-toe.component.ts:6:15:
      6 │   templateUrl: './tic-tac-toe.component.html',
        ╵                ~~~~~~~~~~~~~~~~~~~~~~~~~~~~~~


Page reload sent to client(s).
❯ Changes detected. Rebuilding...
✔ Changes detected. Rebuilding...
Browser bundles    
Initial chunk files | Names       |  Raw size
main.js             | main        |  11.94 kB | 


Server bundles     
Initial chunk files | Names       |  Raw size
chunk-ZXRYAYEO.mjs  | -           |  12.38 kB | 
server.mjs          | server      |   1.39 kB | 
main.server.mjs     | main.server | 800 bytes | 

Application bundle generation complete. [0.263 seconds]

▲ [WARNING] TS-998113: RouterOutlet is not used within the template of AppComponent [plugin angular-compiler]

    src/app/app.component.ts:8:12:
      8 │   imports: [RouterOutlet, TicTacToeComponent],
        ╵             ~~~~~~~~~~~~


▲ [WARNING] NG8103: The `*ngIf` directive was used in the template, but neither the `NgIf` directive nor the `CommonModule` was imported. Use Angular's built-in control flow @if or make sure that either the `NgIf` directive or the `CommonModule` is included in the `@Component.imports` array of this component. [plugin angular-compiler]

    src/app/tic-tac-toe.component.html:3:27:
      3 │   <div class="ttt-status" *ngIf="!winner">
        ╵                            ~~~~

  Error occurs in the template of component TicTacToeComponent.

    src/app/tic-tac-toe.component.ts:6:15:
      6 │   templateUrl: './tic-tac-toe.component.html',
        ╵                ~~~~~~~~~~~~~~~~~~~~~~~~~~~~~~


▲ [WARNING] NG8103: The `*ngIf` directive was used in the template, but neither the `NgIf` directive nor the `CommonModule` was imported. Use Angular's built-in control flow @if or make sure that either the `NgIf` directive or the `CommonModule` is included in the `@Component.imports` array of this component. [plugin angular-compiler]

    src/app/tic-tac-toe.component.html:6:27:
      6 │   <div class="ttt-status" *ngIf="winner">
        ╵                            ~~~~

  Error occurs in the template of component TicTacToeComponent.

    src/app/tic-tac-toe.component.ts:6:15:
      6 │   templateUrl: './tic-tac-toe.component.html',
        ╵                ~~~~~~~~~~~~~~~~~~~~~~~~~~~~~~


▲ [WARNING] NG8103: The `*ngIf` directive was used in the template, but neither the `NgIf` directive nor the `CommonModule` was imported. Use Angular's built-in control flow @if or make sure that either the `NgIf` directive or the `CommonModule` is included in the `@Component.imports` array of this component. [plugin angular-compiler]

    src/app/tic-tac-toe.component.html:7:11:
      7 │     <span *ngIf="winner === 'draw'">It's a draw!</span>
        ╵            ~~~~

  Error occurs in the template of component TicTacToeComponent.

    src/app/tic-tac-toe.component.ts:6:15:
      6 │   templateUrl: './tic-tac-toe.component.html',
        ╵                ~~~~~~~~~~~~~~~~~~~~~~~~~~~~~~


▲ [WARNING] NG8103: The `*ngIf` directive was used in the template, but neither the `NgIf` directive nor the `CommonModule` was imported. Use Angular's built-in control flow @if or make sure that either the `NgIf` directive or the `CommonModule` is included in the `@Component.imports` array of this component. [plugin angular-compiler]

    src/app/tic-tac-toe.component.html:8:11:
      8 │     <span *ngIf="winner !== 'draw'">Player <span [class.ttt-x]="win...
        ╵            ~~~~

  Error occurs in the template of component TicTacToeComponent.

    src/app/tic-tac-toe.component.ts:6:15:
      6 │   templateUrl: './tic-tac-toe.component.html',
        ╵                ~~~~~~~~~~~~~~~~~~~~~~~~~~~~~~


▲ [WARNING] NG8103: The `*ngFor` directive was used in the template, but neither the `NgFor` directive nor the `CommonModule` was imported. Use Angular's built-in control flow @for or make sure that either the `NgFor` directive or the `CommonModule` is included in the `@Component.imports` array of this component. [plugin angular-compiler]

    src/app/tic-tac-toe.component.html:11:10:
      11 │     <div *ngFor="let row of board; let i = index" class="ttt-row" ...
         ╵           ~~~~~

  Error occurs in the template of component TicTacToeComponent.

    src/app/tic-tac-toe.component.ts:6:15:
      6 │   templateUrl: './tic-tac-toe.component.html',
        ╵                ~~~~~~~~~~~~~~~~~~~~~~~~~~~~~~


▲ [WARNING] NG8103: The `*ngFor` directive was used in the template, but neither the `NgFor` directive nor the `CommonModule` was imported. Use Angular's built-in control flow @for or make sure that either the `NgFor` directive or the `CommonModule` is included in the `@Component.imports` array of this component. [plugin angular-compiler]

    src/app/tic-tac-toe.component.html:13:9:
      13 │         *ngFor="let cell of row; let j = index"
         ╵          ~~~~~

  Error occurs in the template of component TicTacToeComponent.

    src/app/tic-tac-toe.component.ts:6:15:
      6 │   templateUrl: './tic-tac-toe.component.html',
        ╵                ~~~~~~~~~~~~~~~~~~~~~~~~~~~~~~


Page reload sent to client(s).
NG0303: Can't bind to 'ngIf' since it isn't a known property of 'div' (used in the '_TicTacToeComponent' component template).
If the 'ngIf' is an Angular control flow directive, please make sure that either the 'NgIf' directive or the 'CommonModule' is included in the '@Component.imports' of this component.
NG0303: Can't bind to 'ngIf' since it isn't a known property of 'div' (used in the '_TicTacToeComponent' component template).
If the 'ngIf' is an Angular control flow directive, please make sure that either the 'NgIf' directive or the 'CommonModule' is included in the '@Component.imports' of this component.
NG0303: Can't bind to 'ngForOf' since it isn't a known property of 'div' (used in the '_TicTacToeComponent' component template).
1. If 'div' is an Angular component and it has the 'ngForOf' input, then verify that it is included in the '@Component.imports' of this component.
2. To allow any property add 'NO_ERRORS_SCHEMA' to the '@Component.schemas' of this component.
NG0303: Can't bind to 'ngIf' since it isn't a known property of 'div' (used in the '_TicTacToeComponent' component template).
If the 'ngIf' is an Angular control flow directive, please make sure that either the 'NgIf' directive or the 'CommonModule' is included in the '@Component.imports' of this component.
NG0303: Can't bind to 'ngIf' since it isn't a known property of 'div' (used in the '_TicTacToeComponent' component template).
If the 'ngIf' is an Angular control flow directive, please make sure that either the 'NgIf' directive or the 'CommonModule' is included in the '@Component.imports' of this component.
NG0303: Can't bind to 'ngForOf' since it isn't a known property of 'div' (used in the '_TicTacToeComponent' component template).
1. If 'div' is an Angular component and it has the 'ngForOf' input, then verify that it is included in the '@Component.imports' of this component.
2. To allow any property add 'NO_ERRORS_SCHEMA' to the '@Component.schemas' of this component.
